// Jest Snapshot v1, https://goo.gl/fbAQLP

exports[`Switch test cases Render check 1`] = `
<DocumentFragment>
  <label
    class="css-zv7kz3"
  >
    <input
      id="73d6df8136031e1c78a9"
      type="checkbox"
    />
    <label
      class="css-xby4yv"
      data-testid="SwitchVisiblePart"
      for="73d6df8136031e1c78a9"
    />
  </label>
</DocumentFragment>
`;
